====================================================================================================
GHOST IN THE MACHINE v5.0 — STUDY A — CONFIRMATORY
====================================================================================================
Operational synthetic metrics only. No output of this software is evidence, detection or creation of subjective experience in any system.
----------------------------------------------------------------------------------------------------
[v4] phase A: 288 closed-loop runs (+ null ladder on every full master)
[v4] phase B: 240 cross-yoked twin runs  (918s elapsed)
[v4] 528 runs written (coded) in 1066s
[study A] 1066s
====================================================================================================
GHOST IN THE MACHINE v5.0 — STUDY B — CONFIRMATORY
====================================================================================================
Operational synthetic metrics only. No output of this software is evidence, detection or creation of subjective experience in any system.
----------------------------------------------------------------------------------------------------
  phase A: 96 runs
  phase B: 384 runs (69s elapsed)
  480 runs written in 314s
[study B] 314s
====================================================================================================
GHOST IN THE MACHINE v5.0 — STUDY C — CONFIRMATORY
====================================================================================================
Operational synthetic metrics only. No output of this software is evidence, detection or creation of subjective experience in any system.
----------------------------------------------------------------------------------------------------
  phase A: 48 runs
  phase B: 48 runs (63s elapsed)
  96 runs written in 124s
[study C] 124s
====================================================================================================
GHOST IN THE MACHINE v5.0 — STUDY D — CONFIRMATORY
====================================================================================================
Operational synthetic metrics only. No output of this software is evidence, detection or creation of subjective experience in any system.
----------------------------------------------------------------------------------------------------
  phase A: 96 runs
  phase B: 96 runs (84s elapsed)
  192 runs written in 164s
[study D] 164s
====================================================================================================
GHOST IN THE MACHINE v5.0 — STUDY E — CONFIRMATORY
====================================================================================================
Operational synthetic metrics only. No output of this software is evidence, detection or creation of subjective experience in any system.
----------------------------------------------------------------------------------------------------
  phase A: 72 runs
  phase B: 72 runs (49s elapsed)
  144 runs written in 94s
[study E] 94s
====================================================================================================
GHOST IN THE MACHINE v5.0 — STUDY F — CONFIRMATORY
====================================================================================================
Operational synthetic metrics only. No output of this software is evidence, detection or creation of subjective experience in any system.
----------------------------------------------------------------------------------------------------
  phase A: 48 runs
  phase B: 48 runs (34s elapsed)
  96 runs written in 65s
[study F] 65s
