====================================================================================================
GHOST IN THE MACHINE v6.0 — STUDY G — CONFIRMATORY
====================================================================================================
Operational synthetic metrics only. No output of this software is evidence, detection or creation of subjective experience in any system.
----------------------------------------------------------------------------------------------------
  phase 1: 96 runs (0s elapsed)
  phase 2: 240 runs (69s elapsed)
  phase 3: 96 runs (238s elapsed)
  432 runs written in 307s
[study G] 307s
====================================================================================================
GHOST IN THE MACHINE v6.0 — STUDY I — CONFIRMATORY
====================================================================================================
Operational synthetic metrics only. No output of this software is evidence, detection or creation of subjective experience in any system.
----------------------------------------------------------------------------------------------------
  phase 1: 48 runs (0s elapsed)
  phase 2: 192 runs (37s elapsed)
  240 runs written in 175s
[study I] 175s
====================================================================================================
GHOST IN THE MACHINE v6.0 — STUDY J — CONFIRMATORY
====================================================================================================
Operational synthetic metrics only. No output of this software is evidence, detection or creation of subjective experience in any system.
----------------------------------------------------------------------------------------------------
  phase 1: 72 runs (0s elapsed)
  phase 2: 72 runs (58s elapsed)
  144 runs written in 114s
[study J] 114s
