====================================================================================================
GHOST IN THE MACHINE v7.0 — STUDY K — CONFIRMATORY
====================================================================================================
Operational synthetic metrics only. No output of this software is evidence, detection or creation of subjective experience in any system.
----------------------------------------------------------------------------------------------------
  phase 1: 48 runs (0s elapsed)
  phase 2: 192 runs (64s elapsed)
  phase 3: 48 runs (314s elapsed)
  288 runs written in 375s
[study K] 375s
====================================================================================================
GHOST IN THE MACHINE v7.0 — STUDY L — CONFIRMATORY
====================================================================================================
Operational synthetic metrics only. No output of this software is evidence, detection or creation of subjective experience in any system.
----------------------------------------------------------------------------------------------------
  phase 1: 72 runs (0s elapsed)
  phase 2: 72 runs (103s elapsed)
  144 runs written in 199s
[study L] 199s
====================================================================================================
GHOST IN THE MACHINE v7.0 — STUDY M — CONFIRMATORY
====================================================================================================
Operational synthetic metrics only. No output of this software is evidence, detection or creation of subjective experience in any system.
----------------------------------------------------------------------------------------------------
  phase 1: 144 runs (0s elapsed)
  phase 2: 144 runs (172s elapsed)
  288 runs written in 337s
[study M] 337s
